{"level":"info","message":"Se entró al archivo de la base de datos","timestamp":"2026-03-25T19:53:05.686Z"}
{"level":"info","message":"Se creó el string de conexión a la base de datos","timestamp":"2026-03-25T19:53:05.690Z"}
{"level":"info","message":"Se creó la conexión a la base de datos","timestamp":"2026-03-25T19:53:05.691Z"}
{"level":"info","message":"Se exportó la base de datos","timestamp":"2026-03-25T19:53:05.695Z"}
{"level":"info","message":"Se entró al archivo de la base de datos","timestamp":"2026-03-27T18:13:48.152Z"}
{"level":"info","message":"Se creó el string de conexión a la base de datos","timestamp":"2026-03-27T18:13:48.155Z"}
{"level":"info","message":"Se creó la conexión a la base de datos","timestamp":"2026-03-27T18:13:48.156Z"}
{"level":"info","message":"Se exportó la base de datos","timestamp":"2026-03-27T18:13:48.159Z"}
{"level":"info","message":"Se entró al archivo de la base de datos","timestamp":"2026-03-27T18:14:45.153Z"}
{"level":"info","message":"Se creó el string de conexión a la base de datos","timestamp":"2026-03-27T18:14:45.157Z"}
{"level":"info","message":"Se creó la conexión a la base de datos","timestamp":"2026-03-27T18:14:45.158Z"}
{"level":"info","message":"Se exportó la base de datos","timestamp":"2026-03-27T18:14:45.162Z"}
{"level":"info","message":"Se entró al archivo de la base de datos","timestamp":"2026-03-27T18:19:15.112Z"}
{"level":"info","message":"Se creó el string de conexión a la base de datos","timestamp":"2026-03-27T18:19:15.116Z"}
{"level":"info","message":"Se creó la conexión a la base de datos","timestamp":"2026-03-27T18:19:15.116Z"}
{"level":"info","message":"Se exportó la base de datos","timestamp":"2026-03-27T18:19:15.120Z"}
{"level":"error","message":{"error":[{"code":"too_big","inclusive":true,"maximum":10,"message":"Too big: expected string to have <=10 characters","origin":"string","path":["password"]}],"statusCode":400},"timestamp":"2026-03-27T18:19:22.295Z"}
{"level":"info","message":"Se entró al endpoint de registro","timestamp":"2026-03-27T18:20:10.895Z"}
{"level":"info","message":"Se entró al endpoint de login","timestamp":"2026-03-27T18:21:44.345Z"}
{"level":"info","message":"Se entró al apartado para crear el token","timestamp":"2026-03-27T18:21:44.519Z"}
{"level":"info","message":"Se entró al endpoint de login","timestamp":"2026-03-27T18:22:13.911Z"}
{"level":"error","message":"Credenciales inválidas","statusCode":400,"timestamp":"2026-03-27T18:22:14.021Z"}
{"level":"info","message":"Se entró al endpoint de login","timestamp":"2026-03-27T18:22:19.603Z"}
{"level":"info","message":"Se entró al apartado para crear el token","timestamp":"2026-03-27T18:22:19.741Z"}
{"level":"info","message":"Se entró al apartado para verificar token","timestamp":"2026-03-27T18:22:31.574Z"}
{"level":"error","message":"Ya existe un elemento que cumple con esta condición","statusCode":400,"timestamp":"2026-03-27T18:22:31.582Z"}
{"level":"info","message":"Se entró al apartado para verificar token","timestamp":"2026-03-27T18:22:37.037Z"}
{"level":"info","message":"Se detectó el ingreso de un usuario en el middleware para validar permisos","timestamp":"2026-03-27T18:22:37.042Z"}
{"level":"info","message":"Se entró al apartado para verificar token","timestamp":"2026-03-27T18:22:47.237Z"}
{"level":"info","message":"Se detectó el ingreso de un usuario en el middleware para validar permisos","timestamp":"2026-03-27T18:22:47.244Z"}
{"level":"info","message":"Se entró al apartado para verificar token","timestamp":"2026-03-27T18:22:53.578Z"}
{"level":"info","message":"Se detectó el ingreso de un usuario en el middleware para validar permisos","timestamp":"2026-03-27T18:22:53.582Z"}
{"level":"info","message":"Se entró al apartado para verificar token","timestamp":"2026-03-27T18:23:00.829Z"}
{"level":"info","message":"Se detectó el ingreso de un usuario en el middleware para validar permisos","timestamp":"2026-03-27T18:23:00.833Z"}
{"level":"info","message":"Se entró al archivo de la base de datos","timestamp":"2026-03-27T18:29:16.187Z"}
{"level":"info","message":"Se creó el string de conexión a la base de datos","timestamp":"2026-03-27T18:29:16.193Z"}
{"level":"info","message":"Se creó la conexión a la base de datos","timestamp":"2026-03-27T18:29:16.193Z"}
{"level":"info","message":"Se exportó la base de datos","timestamp":"2026-03-27T18:29:16.198Z"}
