{"level":"info","message":"Se entró al archivo de la base de datos","timestamp":"2026-03-25T19:53:05.686Z"}
{"level":"info","message":"Se creó el string de conexión a la base de datos","timestamp":"2026-03-25T19:53:05.690Z"}
{"level":"info","message":"Se creó la conexión a la base de datos","timestamp":"2026-03-25T19:53:05.691Z"}
{"level":"info","message":"Se exportó la base de datos","timestamp":"2026-03-25T19:53:05.695Z"}
{"level":"info","message":"Se entró al archivo de la base de datos","timestamp":"2026-03-27T18:13:48.152Z"}
{"level":"info","message":"Se creó el string de conexión a la base de datos","timestamp":"2026-03-27T18:13:48.155Z"}
{"level":"info","message":"Se creó la conexión a la base de datos","timestamp":"2026-03-27T18:13:48.156Z"}
{"level":"info","message":"Se exportó la base de datos","timestamp":"2026-03-27T18:13:48.159Z"}
{"level":"info","message":"Se entró al archivo de la base de datos","timestamp":"2026-03-27T18:14:45.153Z"}
{"level":"info","message":"Se creó el string de conexión a la base de datos","timestamp":"2026-03-27T18:14:45.157Z"}
{"level":"info","message":"Se creó la conexión a la base de datos","timestamp":"2026-03-27T18:14:45.158Z"}
{"level":"info","message":"Se exportó la base de datos","timestamp":"2026-03-27T18:14:45.162Z"}
{"level":"info","message":"Se entró al archivo de la base de datos","timestamp":"2026-03-27T18:19:15.112Z"}
{"level":"info","message":"Se creó el string de conexión a la base de datos","timestamp":"2026-03-27T18:19:15.116Z"}
{"level":"info","message":"Se creó la conexión a la base de datos","timestamp":"2026-03-27T18:19:15.116Z"}
{"level":"info","message":"Se exportó la base de datos","timestamp":"2026-03-27T18:19:15.120Z"}
{"level":"error","message":{"error":[{"code":"too_big","inclusive":true,"maximum":10,"message":"Too big: expected string to have <=10 characters","origin":"string","path":["password"]}],"statusCode":400},"timestamp":"2026-03-27T18:19:22.295Z"}
{"level":"info","message":"Se entró al endpoint de registro","timestamp":"2026-03-27T18:20:10.895Z"}
{"level":"info","message":"Se entró al endpoint de login","timestamp":"2026-03-27T18:21:44.345Z"}
{"level":"debug","message":{"user":{"email":"user@example.com","id":"ec5b276e-bc9f-4081-99f2-57c12eea1465","password":"$2b$10$VxHagVN1FutVL8NARTaXFunKZSQOMbN5D.qcd.EsReBiEdxHRMWZ.","role":"USUARIO"}},"timestamp":"2026-03-27T18:21:44.349Z"}
{"level":"info","message":"Se entró al apartado para crear el token","timestamp":"2026-03-27T18:21:44.519Z"}
{"level":"info","message":"Se entró al endpoint de login","timestamp":"2026-03-27T18:22:13.911Z"}
{"level":"debug","message":{"user":{"email":"jazielsolisreal@gmail.com","id":"b0aa91e7-f3a9-41f3-9737-5c7f2223ec71","password":"$2b$10$uvEn6xexPF8Ua0dASgahTuPUkZ32vnytsWFYLYFpB2HoAnnHH.EsC","role":"ADMIN"}},"timestamp":"2026-03-27T18:22:13.913Z"}
{"level":"error","message":"Credenciales inválidas","statusCode":400,"timestamp":"2026-03-27T18:22:14.021Z"}
{"level":"info","message":"Se entró al endpoint de login","timestamp":"2026-03-27T18:22:19.603Z"}
{"level":"debug","message":{"user":{"email":"jazielsolisreal@gmail.com","id":"b0aa91e7-f3a9-41f3-9737-5c7f2223ec71","password":"$2b$10$uvEn6xexPF8Ua0dASgahTuPUkZ32vnytsWFYLYFpB2HoAnnHH.EsC","role":"ADMIN"}},"timestamp":"2026-03-27T18:22:19.604Z"}
{"level":"info","message":"Se entró al apartado para crear el token","timestamp":"2026-03-27T18:22:19.741Z"}
{"level":"info","message":"Se entró al apartado para verificar token","timestamp":"2026-03-27T18:22:31.574Z"}
{"level":"error","message":"Ya existe un elemento que cumple con esta condición","statusCode":400,"timestamp":"2026-03-27T18:22:31.582Z"}
{"level":"debug","message":"Valor del token: eyJhbGciOiJIUzI1NiIsInR5cCI6IkpXVCJ9.eyJpZCI6ImIwYWE5MWU3LWYzYTktNDFmMy05NzM3LTVjN2YyMjIzZWM3MSIsInBlcm1pc3Npb25zIjoiQURNSU4iLCJpYXQiOjE3NzQ2MzU3MzksImV4cCI6MTc3NTI0MDUzOX0.4ba9V0ebwD2AQr9hr9CWeVkS7QvKoFzhEsAan9s6Q68","timestamp":"2026-03-27T18:22:31.575Z"}
{"level":"info","message":"Se entró al apartado para verificar token","timestamp":"2026-03-27T18:22:37.037Z"}
{"level":"info","message":"Se detectó el ingreso de un usuario en el middleware para validar permisos","timestamp":"2026-03-27T18:22:37.042Z"}
{"level":"debug","message":"Valor del token: eyJhbGciOiJIUzI1NiIsInR5cCI6IkpXVCJ9.eyJpZCI6ImIwYWE5MWU3LWYzYTktNDFmMy05NzM3LTVjN2YyMjIzZWM3MSIsInBlcm1pc3Npb25zIjoiQURNSU4iLCJpYXQiOjE3NzQ2MzU3MzksImV4cCI6MTc3NTI0MDUzOX0.4ba9V0ebwD2AQr9hr9CWeVkS7QvKoFzhEsAan9s6Q68","timestamp":"2026-03-27T18:22:37.038Z"}
{"level":"debug","message":"Usuario detectado: [object Object]","timestamp":"2026-03-27T18:22:37.047Z"}
{"level":"info","message":"Se entró al apartado para verificar token","timestamp":"2026-03-27T18:22:47.237Z"}
{"level":"info","message":"Se detectó el ingreso de un usuario en el middleware para validar permisos","timestamp":"2026-03-27T18:22:47.244Z"}
{"level":"debug","message":"Valor del token: eyJhbGciOiJIUzI1NiIsInR5cCI6IkpXVCJ9.eyJpZCI6ImIwYWE5MWU3LWYzYTktNDFmMy05NzM3LTVjN2YyMjIzZWM3MSIsInBlcm1pc3Npb25zIjoiQURNSU4iLCJpYXQiOjE3NzQ2MzU3MzksImV4cCI6MTc3NTI0MDUzOX0.4ba9V0ebwD2AQr9hr9CWeVkS7QvKoFzhEsAan9s6Q68","timestamp":"2026-03-27T18:22:47.238Z"}
{"level":"debug","message":"Usuario detectado: [object Object]","timestamp":"2026-03-27T18:22:47.244Z"}
{"level":"info","message":"Se entró al apartado para verificar token","timestamp":"2026-03-27T18:22:53.578Z"}
{"level":"info","message":"Se detectó el ingreso de un usuario en el middleware para validar permisos","timestamp":"2026-03-27T18:22:53.582Z"}
{"level":"debug","message":"Valor del token: eyJhbGciOiJIUzI1NiIsInR5cCI6IkpXVCJ9.eyJpZCI6ImIwYWE5MWU3LWYzYTktNDFmMy05NzM3LTVjN2YyMjIzZWM3MSIsInBlcm1pc3Npb25zIjoiQURNSU4iLCJpYXQiOjE3NzQ2MzU3MzksImV4cCI6MTc3NTI0MDUzOX0.4ba9V0ebwD2AQr9hr9CWeVkS7QvKoFzhEsAan9s6Q68","timestamp":"2026-03-27T18:22:53.579Z"}
{"level":"debug","message":"Usuario detectado: [object Object]","timestamp":"2026-03-27T18:22:53.583Z"}
{"level":"info","message":"Se entró al apartado para verificar token","timestamp":"2026-03-27T18:23:00.829Z"}
{"level":"info","message":"Se detectó el ingreso de un usuario en el middleware para validar permisos","timestamp":"2026-03-27T18:23:00.833Z"}
{"level":"debug","message":"Valor del token: eyJhbGciOiJIUzI1NiIsInR5cCI6IkpXVCJ9.eyJpZCI6ImIwYWE5MWU3LWYzYTktNDFmMy05NzM3LTVjN2YyMjIzZWM3MSIsInBlcm1pc3Npb25zIjoiQURNSU4iLCJpYXQiOjE3NzQ2MzU3MzksImV4cCI6MTc3NTI0MDUzOX0.4ba9V0ebwD2AQr9hr9CWeVkS7QvKoFzhEsAan9s6Q68","timestamp":"2026-03-27T18:23:00.830Z"}
{"level":"debug","message":"Usuario detectado: [object Object]","timestamp":"2026-03-27T18:23:00.834Z"}
{"level":"info","message":"Se entró al archivo de la base de datos","timestamp":"2026-03-27T18:29:16.187Z"}
{"level":"info","message":"Se creó el string de conexión a la base de datos","timestamp":"2026-03-27T18:29:16.193Z"}
{"level":"info","message":"Se creó la conexión a la base de datos","timestamp":"2026-03-27T18:29:16.193Z"}
{"level":"info","message":"Se exportó la base de datos","timestamp":"2026-03-27T18:29:16.198Z"}
